{
    "name": "SamplePackage",
    "description": "",
    "authors": "",
    "minimum-stability": "dev",
    "require": {}
}
